// Jest Snapshot v1, https://goo.gl/fbAQLP

exports[`PokemonPages Component should match snapshot 1`] = `<h1>Loading ...</h1>`;

exports[`PokemonPages Component should match snapshot when loaded pokemos 1`] = `
<div>
  <h1>Who is this pokemon?</h1>
  <pokemon-picture-stub pokemonid="15" showpokemon="false"></pokemon-picture-stub>
  <pokemon-option-stub pokemons="[object Object],[object Object],[object Object],[object Object]"></pokemon-option-stub>
  <!--v-if-->
</div>
`;
